[0.022s][info][gc] Using G1
[0.025s][info][gc,init] Version: 17.0.12+8-LTS-286 (release)
[0.025s][info][gc,init] CPUs: 12 total, 12 available
[0.025s][info][gc,init] Memory: 65536M
[0.026s][info][gc,init] Large Page Support: Disabled
[0.026s][info][gc,init] NUMA Support: Disabled
[0.026s][info][gc,init] Compressed Oops: Enabled (Zero based)
[0.026s][info][gc,init] Heap Region Size: 1M
[0.026s][info][gc,init] Heap Min Capacity: 128M
[0.026s][info][gc,init] Heap Initial Capacity: 128M
[0.026s][info][gc,init] Heap Max Capacity: 512M
[0.026s][info][gc,init] Pre-touch: Disabled
[0.026s][info][gc,init] Parallel Workers: 10
[0.026s][info][gc,init] Concurrent Workers: 3
[0.026s][info][gc,init] Concurrent Refinement Workers: 10
[0.026s][info][gc,init] Periodic GC: Disabled
[0.046s][info][gc,metaspace] CDS archive(s) mapped at: [0x0000008000000000-0x0000008000be8000-0x0000008000be8000), size 12484608, SharedBaseAddress: 0x0000008000000000, ArchiveRelocationMode: 1.
[0.047s][info][gc,metaspace] Compressed class space mapped at: 0x0000008001000000-0x0000008041000000, reserved size: 1073741824
[0.047s][info][gc,metaspace] Narrow klass base: 0x0000008000000000, Narrow klass shift: 0, Narrow klass range: 0x100000000
[1.585s][info][gc,heap,exit] Heap
[1.586s][info][gc,heap,exit]  garbage-first heap   total 133120K, used 18916K [0x00000007e0000000, 0x0000000800000000)
[1.586s][info][gc,heap,exit]   region size 1024K, 18 young (18432K), 0 survivors (0K)
[1.586s][info][gc,heap,exit]  Metaspace       used 6683K, committed 6848K, reserved 1114112K
[1.586s][info][gc,heap,exit]   class space    used 788K, committed 896K, reserved 1048576K
