[0.015s][info][gc] Using G1
[0.017s][info][gc,init] Version: 17.0.12+8-LTS-286 (release)
[0.017s][info][gc,init] CPUs: 12 total, 12 available
[0.017s][info][gc,init] Memory: 65536M
[0.017s][info][gc,init] Large Page Support: Disabled
[0.017s][info][gc,init] NUMA Support: Disabled
[0.017s][info][gc,init] Compressed Oops: Enabled (Zero based)
[0.017s][info][gc,init] Heap Region Size: 1M
[0.017s][info][gc,init] Heap Min Capacity: 128M
[0.017s][info][gc,init] Heap Initial Capacity: 128M
[0.018s][info][gc,init] Heap Max Capacity: 512M
[0.018s][info][gc,init] Pre-touch: Disabled
[0.018s][info][gc,init] Parallel Workers: 10
[0.018s][info][gc,init] Concurrent Workers: 3
[0.018s][info][gc,init] Concurrent Refinement Workers: 10
[0.018s][info][gc,init] Periodic GC: Disabled
[0.035s][info][gc,metaspace] CDS archive(s) mapped at: [0x0000000700000000-0x0000000700be8000-0x0000000700be8000), size 12484608, SharedBaseAddress: 0x0000000700000000, ArchiveRelocationMode: 1.
[0.036s][info][gc,metaspace] Compressed class space mapped at: 0x0000000701000000-0x0000000741000000, reserved size: 1073741824
[0.036s][info][gc,metaspace] Narrow klass base: 0x0000000700000000, Narrow klass shift: 0, Narrow klass range: 0x100000000
[5.873s][info][gc,start    ] GC(0) Pause Young (Concurrent Start) (Metadata GC Threshold)
[5.874s][info][gc,task     ] GC(0) Using 10 workers of 10 for evacuation
[5.888s][info][gc,phases   ] GC(0)   Pre Evacuate Collection Set: 0.3ms
[5.888s][info][gc,phases   ] GC(0)   Merge Heap Roots: 0.4ms
[5.888s][info][gc,phases   ] GC(0)   Evacuate Collection Set: 10.2ms
[5.888s][info][gc,phases   ] GC(0)   Post Evacuate Collection Set: 2.6ms
[5.888s][info][gc,phases   ] GC(0)   Other: 1.7ms
[5.888s][info][gc,heap     ] GC(0) Eden regions: 72->0(247)
[5.888s][info][gc,heap     ] GC(0) Survivor regions: 0->9(32)
[5.888s][info][gc,heap     ] GC(0) Old regions: 0->0
[5.888s][info][gc,heap     ] GC(0) Archive regions: 2->2
[5.888s][info][gc,heap     ] GC(0) Humongous regions: 0->0
[5.888s][info][gc,metaspace] GC(0) Metaspace: 21227K(21504K)->21227K(21504K) NonClass: 18819K(18944K)->18819K(18944K) Class: 2407K(2560K)->2407K(2560K)
[5.888s][info][gc          ] GC(0) Pause Young (Concurrent Start) (Metadata GC Threshold) 72M->9M(130M) 15.738ms
[5.888s][info][gc,cpu      ] GC(0) User=0.02s Sys=0.01s Real=0.01s
[5.889s][info][gc          ] GC(1) Concurrent Mark Cycle
[5.894s][info][gc,marking  ] GC(1) Concurrent Clear Claimed Marks
[5.909s][info][gc,marking  ] GC(1) Concurrent Clear Claimed Marks 20.413ms
[5.909s][info][gc,marking  ] GC(1) Concurrent Scan Root Regions
[5.944s][info][gc,marking  ] GC(1) Concurrent Scan Root Regions 35.119ms
[5.944s][info][gc,marking  ] GC(1) Concurrent Mark
[5.953s][info][gc,marking  ] GC(1) Concurrent Mark From Roots
[5.961s][info][gc,task     ] GC(1) Using 3 workers of 3 for marking
[5.967s][info][gc,marking  ] GC(1) Concurrent Mark From Roots 13.424ms
[5.967s][info][gc,marking  ] GC(1) Concurrent Preclean
[5.967s][info][gc,marking  ] GC(1) Concurrent Preclean 0.016ms
[5.968s][info][gc,start    ] GC(1) Pause Remark
[5.972s][info][gc          ] GC(1) Pause Remark 12M->12M(128M) 3.708ms
[5.972s][info][gc,cpu      ] GC(1) User=0.00s Sys=0.01s Real=0.01s
[5.997s][info][gc,marking  ] GC(1) Concurrent Mark 52.671ms
[5.998s][info][gc,marking  ] GC(1) Concurrent Rebuild Remembered Sets
[5.998s][info][gc,marking  ] GC(1) Concurrent Rebuild Remembered Sets 0.047ms
[6.000s][info][gc,start    ] GC(1) Pause Cleanup
[6.000s][info][gc          ] GC(1) Pause Cleanup 13M->13M(128M) 0.064ms
[6.000s][info][gc,cpu      ] GC(1) User=0.00s Sys=0.00s Real=0.00s
[6.022s][info][gc,marking  ] GC(1) Concurrent Cleanup for Next Mark
[6.053s][info][gc,marking  ] GC(1) Concurrent Cleanup for Next Mark 31.818ms
[6.053s][info][gc          ] GC(1) Concurrent Mark Cycle 164.878ms
[1935.612s][info][gc,heap,exit] Heap
[1935.612s][info][gc,heap,exit]  garbage-first heap   total 131072K, used 81888K [0x00000007e0000000, 0x0000000800000000)
[1935.612s][info][gc,heap,exit]   region size 1024K, 69 young (70656K), 9 survivors (9216K)
[1935.613s][info][gc,heap,exit]  Metaspace       used 29232K, committed 29568K, reserved 1114112K
[1935.613s][info][gc,heap,exit]   class space    used 3108K, committed 3264K, reserved 1048576K
