[0.023s][info][gc] Using G1
[0.041s][info][gc,init] Version: 17.0.12+8-LTS-286 (release)
[0.041s][info][gc,init] CPUs: 12 total, 12 available
[0.041s][info][gc,init] Memory: 65536M
[0.041s][info][gc,init] Large Page Support: Disabled
[0.041s][info][gc,init] NUMA Support: Disabled
[0.041s][info][gc,init] Compressed Oops: Enabled (Zero based)
[0.041s][info][gc,init] Heap Region Size: 2M
[0.041s][info][gc,init] Heap Min Capacity: 2G
[0.041s][info][gc,init] Heap Initial Capacity: 2G
[0.041s][info][gc,init] Heap Max Capacity: 3G
[0.041s][info][gc,init] Pre-touch: Disabled
[0.041s][info][gc,init] Parallel Workers: 10
[0.042s][info][gc,init] Concurrent Workers: 3
[0.042s][info][gc,init] Concurrent Refinement Workers: 10
[0.042s][info][gc,init] Periodic GC: Disabled
[0.054s][info][gc,metaspace] CDS archive(s) mapped at: [0x000000f000000000-0x000000f000be8000-0x000000f000be8000), size 12484608, SharedBaseAddress: 0x000000f000000000, ArchiveRelocationMode: 1.
[0.055s][info][gc,metaspace] Compressed class space mapped at: 0x000000f001000000-0x000000f041000000, reserved size: 1073741824
[0.055s][info][gc,metaspace] Narrow klass base: 0x000000f000000000, Narrow klass shift: 0, Narrow klass range: 0x100000000
[4.353s][info][gc,start    ] GC(0) Pause Young (Concurrent Start) (Metadata GC Threshold)
[4.356s][info][gc,task     ] GC(0) Using 10 workers of 10 for evacuation
[4.393s][info][gc,phases   ] GC(0)   Pre Evacuate Collection Set: 0.9ms
[4.393s][info][gc,phases   ] GC(0)   Merge Heap Roots: 0.4ms
[4.393s][info][gc,phases   ] GC(0)   Evacuate Collection Set: 31.8ms
[4.393s][info][gc,phases   ] GC(0)   Post Evacuate Collection Set: 3.3ms
[4.393s][info][gc,phases   ] GC(0)   Other: 3.4ms
[4.393s][info][gc,heap     ] GC(0) Eden regions: 40->0(46)
[4.393s][info][gc,heap     ] GC(0) Survivor regions: 0->5(7)
[4.393s][info][gc,heap     ] GC(0) Old regions: 0->0
[4.393s][info][gc,heap     ] GC(0) Archive regions: 2->2
[4.393s][info][gc,heap     ] GC(0) Humongous regions: 0->0
[4.394s][info][gc,metaspace] GC(0) Metaspace: 21265K(21504K)->21265K(21504K) NonClass: 18851K(18944K)->18851K(18944K) Class: 2413K(2560K)->2413K(2560K)
[4.394s][info][gc          ] GC(0) Pause Young (Concurrent Start) (Metadata GC Threshold) 81M->10M(2052M) 41.039ms
[4.394s][info][gc,cpu      ] GC(0) User=0.02s Sys=0.02s Real=0.05s
[4.394s][info][gc          ] GC(1) Concurrent Mark Cycle
[4.394s][info][gc,marking  ] GC(1) Concurrent Clear Claimed Marks
[4.394s][info][gc,marking  ] GC(1) Concurrent Clear Claimed Marks 0.011ms
[4.394s][info][gc,marking  ] GC(1) Concurrent Scan Root Regions
[4.435s][info][gc,marking  ] GC(1) Concurrent Scan Root Regions 40.815ms
[4.435s][info][gc,marking  ] GC(1) Concurrent Mark
[4.435s][info][gc,marking  ] GC(1) Concurrent Mark From Roots
[4.435s][info][gc,task     ] GC(1) Using 3 workers of 3 for marking
[4.536s][info][gc,marking  ] GC(1) Concurrent Mark From Roots 101.453ms
[4.537s][info][gc,marking  ] GC(1) Concurrent Preclean
[4.537s][info][gc,marking  ] GC(1) Concurrent Preclean 0.043ms
[4.539s][info][gc,start    ] GC(1) Pause Remark
[4.542s][info][gc          ] GC(1) Pause Remark 12M->12M(2048M) 3.613ms
[4.542s][info][gc,cpu      ] GC(1) User=0.00s Sys=0.00s Real=0.00s
[4.543s][info][gc,marking  ] GC(1) Concurrent Mark 107.917ms
[4.543s][info][gc,marking  ] GC(1) Concurrent Rebuild Remembered Sets
[4.543s][info][gc,marking  ] GC(1) Concurrent Rebuild Remembered Sets 0.053ms
[4.546s][info][gc,start    ] GC(1) Pause Cleanup
[4.546s][info][gc          ] GC(1) Pause Cleanup 12M->12M(2048M) 0.118ms
[4.546s][info][gc,cpu      ] GC(1) User=0.00s Sys=0.00s Real=0.00s
[4.549s][info][gc,marking  ] GC(1) Concurrent Cleanup for Next Mark
[4.582s][info][gc,marking  ] GC(1) Concurrent Cleanup for Next Mark 33.614ms
[4.582s][info][gc          ] GC(1) Concurrent Mark Cycle 188.421ms
