[0.017s][info][gc] Using G1
[0.028s][info][gc,init] Version: 17.0.12+8-LTS-286 (release)
[0.028s][info][gc,init] CPUs: 12 total, 12 available
[0.028s][info][gc,init] Memory: 65536M
[0.028s][info][gc,init] Large Page Support: Disabled
[0.028s][info][gc,init] NUMA Support: Disabled
[0.028s][info][gc,init] Compressed Oops: Enabled (Zero based)
[0.028s][info][gc,init] Heap Region Size: 2M
[0.028s][info][gc,init] Heap Min Capacity: 2G
[0.028s][info][gc,init] Heap Initial Capacity: 2G
[0.028s][info][gc,init] Heap Max Capacity: 3G
[0.028s][info][gc,init] Pre-touch: Disabled
[0.028s][info][gc,init] Parallel Workers: 10
[0.028s][info][gc,init] Concurrent Workers: 3
[0.028s][info][gc,init] Concurrent Refinement Workers: 10
[0.028s][info][gc,init] Periodic GC: Disabled
