[0.015s][info][gc] Using G1
[0.028s][info][gc,init] Version: 17.0.12+8-LTS-286 (release)
[0.028s][info][gc,init] CPUs: 12 total, 12 available
[0.028s][info][gc,init] Memory: 65536M
[0.028s][info][gc,init] Large Page Support: Disabled
[0.028s][info][gc,init] NUMA Support: Disabled
[0.028s][info][gc,init] Compressed Oops: Enabled (Zero based)
[0.028s][info][gc,init] Heap Region Size: 2M
[0.028s][info][gc,init] Heap Min Capacity: 2G
[0.028s][info][gc,init] Heap Initial Capacity: 2G
[0.028s][info][gc,init] Heap Max Capacity: 3G
[0.028s][info][gc,init] Pre-touch: Disabled
[0.029s][info][gc,init] Parallel Workers: 10
[0.029s][info][gc,init] Concurrent Workers: 3
[0.029s][info][gc,init] Concurrent Refinement Workers: 10
[0.029s][info][gc,init] Periodic GC: Disabled
[0.044s][info][gc,metaspace] CDS archive(s) mapped at: [0x0000007000000000-0x0000007000be8000-0x0000007000be8000), size 12484608, SharedBaseAddress: 0x0000007000000000, ArchiveRelocationMode: 1.
[0.044s][info][gc,metaspace] Compressed class space mapped at: 0x0000007001000000-0x0000007041000000, reserved size: 1073741824
[0.044s][info][gc,metaspace] Narrow klass base: 0x0000007000000000, Narrow klass shift: 0, Narrow klass range: 0x100000000
[5.731s][info][gc,start    ] GC(0) Pause Young (Concurrent Start) (Metadata GC Threshold)
[5.737s][info][gc,task     ] GC(0) Using 10 workers of 10 for evacuation
[5.777s][info][gc,phases   ] GC(0)   Pre Evacuate Collection Set: 0.9ms
[5.777s][info][gc,phases   ] GC(0)   Merge Heap Roots: 0.8ms
[5.777s][info][gc,phases   ] GC(0)   Evacuate Collection Set: 34.4ms
[5.777s][info][gc,phases   ] GC(0)   Post Evacuate Collection Set: 3.0ms
[5.777s][info][gc,phases   ] GC(0)   Other: 6.1ms
[5.777s][info][gc,heap     ] GC(0) Eden regions: 46->0(45)
[5.777s][info][gc,heap     ] GC(0) Survivor regions: 0->6(7)
[5.777s][info][gc,heap     ] GC(0) Old regions: 0->0
[5.777s][info][gc,heap     ] GC(0) Archive regions: 2->2
[5.777s][info][gc,heap     ] GC(0) Humongous regions: 1->1
[5.777s][info][gc,metaspace] GC(0) Metaspace: 21226K(21504K)->21226K(21504K) NonClass: 18579K(18688K)->18579K(18688K) Class: 2646K(2816K)->2646K(2816K)
[5.777s][info][gc          ] GC(0) Pause Young (Concurrent Start) (Metadata GC Threshold) 93M->14M(2052M) 45.964ms
[5.778s][info][gc,cpu      ] GC(0) User=0.02s Sys=0.02s Real=0.04s
[5.778s][info][gc          ] GC(1) Concurrent Mark Cycle
[5.778s][info][gc,marking  ] GC(1) Concurrent Clear Claimed Marks
[5.778s][info][gc,marking  ] GC(1) Concurrent Clear Claimed Marks 0.015ms
[5.778s][info][gc,marking  ] GC(1) Concurrent Scan Root Regions
[5.807s][info][gc,marking  ] GC(1) Concurrent Scan Root Regions 28.791ms
[5.807s][info][gc,marking  ] GC(1) Concurrent Mark
[5.807s][info][gc,marking  ] GC(1) Concurrent Mark From Roots
[5.807s][info][gc,task     ] GC(1) Using 3 workers of 3 for marking
[5.819s][info][gc,marking  ] GC(1) Concurrent Mark From Roots 11.444ms
[5.819s][info][gc,marking  ] GC(1) Concurrent Preclean
[5.819s][info][gc,marking  ] GC(1) Concurrent Preclean 0.666ms
[5.822s][info][gc,start    ] GC(1) Pause Remark
[5.831s][info][gc          ] GC(1) Pause Remark 15M->15M(2048M) 8.971ms
[5.831s][info][gc,cpu      ] GC(1) User=0.00s Sys=0.00s Real=0.01s
[5.831s][info][gc,marking  ] GC(1) Concurrent Mark 24.387ms
[5.832s][info][gc,marking  ] GC(1) Concurrent Rebuild Remembered Sets
[5.832s][info][gc,marking  ] GC(1) Concurrent Rebuild Remembered Sets 0.095ms
[5.833s][info][gc,start    ] GC(1) Pause Cleanup
[5.833s][info][gc          ] GC(1) Pause Cleanup 15M->15M(2048M) 0.067ms
[5.833s][info][gc,cpu      ] GC(1) User=0.00s Sys=0.00s Real=0.00s
[5.833s][info][gc,marking  ] GC(1) Concurrent Cleanup for Next Mark
[5.879s][info][gc,marking  ] GC(1) Concurrent Cleanup for Next Mark 46.208ms
[5.879s][info][gc          ] GC(1) Concurrent Mark Cycle 101.463ms
[11.487s][info][gc,start    ] GC(2) Pause Young (Concurrent Start) (Metadata GC Threshold)
[11.488s][info][gc,task     ] GC(2) Using 10 workers of 10 for evacuation
[11.588s][info][gc,phases   ] GC(2)   Pre Evacuate Collection Set: 1.5ms
[11.588s][info][gc,phases   ] GC(2)   Merge Heap Roots: 1.2ms
[11.588s][info][gc,phases   ] GC(2)   Evacuate Collection Set: 91.8ms
[11.588s][info][gc,phases   ] GC(2)   Post Evacuate Collection Set: 4.8ms
[11.588s][info][gc,phases   ] GC(2)   Other: 1.0ms
[11.588s][info][gc,heap     ] GC(2) Eden regions: 36->0(47)
[11.588s][info][gc,heap     ] GC(2) Survivor regions: 6->4(7)
[11.588s][info][gc,heap     ] GC(2) Old regions: 0->6
[11.588s][info][gc,heap     ] GC(2) Archive regions: 2->2
[11.588s][info][gc,heap     ] GC(2) Humongous regions: 2->1
[11.588s][info][gc,metaspace] GC(2) Metaspace: 35688K(35968K)->35688K(35968K) NonClass: 31369K(31488K)->31369K(31488K) Class: 4319K(4480K)->4319K(4480K)
[11.588s][info][gc          ] GC(2) Pause Young (Concurrent Start) (Metadata GC Threshold) 88M->21M(2048M) 101.022ms
[11.589s][info][gc,cpu      ] GC(2) User=0.03s Sys=0.03s Real=0.11s
[11.589s][info][gc          ] GC(3) Concurrent Mark Cycle
[11.589s][info][gc,marking  ] GC(3) Concurrent Clear Claimed Marks
[11.589s][info][gc,marking  ] GC(3) Concurrent Clear Claimed Marks 0.064ms
[11.589s][info][gc,marking  ] GC(3) Concurrent Scan Root Regions
[11.623s][info][gc,marking  ] GC(3) Concurrent Scan Root Regions 33.950ms
[11.627s][info][gc,marking  ] GC(3) Concurrent Mark
[11.627s][info][gc,marking  ] GC(3) Concurrent Mark From Roots
[11.627s][info][gc,task     ] GC(3) Using 3 workers of 3 for marking
[11.648s][info][gc,marking  ] GC(3) Concurrent Mark From Roots 21.174ms
[11.648s][info][gc,marking  ] GC(3) Concurrent Preclean
[11.648s][info][gc,marking  ] GC(3) Concurrent Preclean 0.378ms
[11.654s][info][gc,start    ] GC(3) Pause Remark
[11.668s][info][gc          ] GC(3) Pause Remark 23M->23M(2048M) 14.296ms
[11.669s][info][gc,cpu      ] GC(3) User=0.01s Sys=0.01s Real=0.01s
[11.671s][info][gc,marking  ] GC(3) Concurrent Mark 44.089ms
[11.671s][info][gc,marking  ] GC(3) Concurrent Rebuild Remembered Sets
[11.691s][info][gc,marking  ] GC(3) Concurrent Rebuild Remembered Sets 20.627ms
[11.694s][info][gc,start    ] GC(3) Pause Cleanup
[11.696s][info][gc          ] GC(3) Pause Cleanup 23M->23M(2048M) 1.444ms
[11.696s][info][gc,cpu      ] GC(3) User=0.00s Sys=0.00s Real=0.00s
[11.698s][info][gc,marking  ] GC(3) Concurrent Cleanup for Next Mark
[11.820s][info][gc,marking  ] GC(3) Concurrent Cleanup for Next Mark 122.298ms
[11.821s][info][gc          ] GC(3) Concurrent Mark Cycle 231.913ms
