[0.018s][info][gc] Using G1
[0.037s][info][gc,init] Version: 17.0.12+8-LTS-286 (release)
[0.037s][info][gc,init] CPUs: 12 total, 12 available
[0.037s][info][gc,init] Memory: 65536M
[0.037s][info][gc,init] Large Page Support: Disabled
[0.038s][info][gc,init] NUMA Support: Disabled
[0.038s][info][gc,init] Compressed Oops: Enabled (Zero based)
[0.038s][info][gc,init] Heap Region Size: 2M
[0.038s][info][gc,init] Heap Min Capacity: 2G
[0.038s][info][gc,init] Heap Initial Capacity: 2G
[0.038s][info][gc,init] Heap Max Capacity: 3G
[0.038s][info][gc,init] Pre-touch: Disabled
[0.038s][info][gc,init] Parallel Workers: 10
[0.038s][info][gc,init] Concurrent Workers: 3
[0.038s][info][gc,init] Concurrent Refinement Workers: 10
[0.038s][info][gc,init] Periodic GC: Disabled
[0.062s][info][gc,metaspace] CDS archive(s) mapped at: [0x0000007000000000-0x0000007000be8000-0x0000007000be8000), size 12484608, SharedBaseAddress: 0x0000007000000000, ArchiveRelocationMode: 1.
[0.062s][info][gc,metaspace] Compressed class space mapped at: 0x0000007001000000-0x0000007041000000, reserved size: 1073741824
[0.062s][info][gc,metaspace] Narrow klass base: 0x0000007000000000, Narrow klass shift: 0, Narrow klass range: 0x100000000
[5.346s][info][gc,start    ] GC(0) Pause Young (Concurrent Start) (Metadata GC Threshold)
[5.348s][info][gc,task     ] GC(0) Using 10 workers of 10 for evacuation
[5.366s][info][gc,phases   ] GC(0)   Pre Evacuate Collection Set: 0.5ms
[5.366s][info][gc,phases   ] GC(0)   Merge Heap Roots: 0.3ms
[5.366s][info][gc,phases   ] GC(0)   Evacuate Collection Set: 14.9ms
[5.366s][info][gc,phases   ] GC(0)   Post Evacuate Collection Set: 1.5ms
[5.366s][info][gc,phases   ] GC(0)   Other: 2.6ms
[5.366s][info][gc,heap     ] GC(0) Eden regions: 45->0(45)
[5.366s][info][gc,heap     ] GC(0) Survivor regions: 0->6(7)
[5.366s][info][gc,heap     ] GC(0) Old regions: 0->0
[5.366s][info][gc,heap     ] GC(0) Archive regions: 2->2
[5.366s][info][gc,heap     ] GC(0) Humongous regions: 1->1
[5.366s][info][gc,metaspace] GC(0) Metaspace: 21261K(21504K)->21261K(21504K) NonClass: 18613K(18688K)->18613K(18688K) Class: 2647K(2816K)->2647K(2816K)
[5.366s][info][gc          ] GC(0) Pause Young (Concurrent Start) (Metadata GC Threshold) 93M->14M(2052M) 19.884ms
[5.366s][info][gc,cpu      ] GC(0) User=0.02s Sys=0.00s Real=0.02s
[5.366s][info][gc          ] GC(1) Concurrent Mark Cycle
[5.366s][info][gc,marking  ] GC(1) Concurrent Clear Claimed Marks
[5.366s][info][gc,marking  ] GC(1) Concurrent Clear Claimed Marks 0.025ms
[5.366s][info][gc,marking  ] GC(1) Concurrent Scan Root Regions
[5.371s][info][gc,marking  ] GC(1) Concurrent Scan Root Regions 4.885ms
[5.371s][info][gc,marking  ] GC(1) Concurrent Mark
[5.371s][info][gc,marking  ] GC(1) Concurrent Mark From Roots
[5.371s][info][gc,task     ] GC(1) Using 3 workers of 3 for marking
[5.375s][info][gc,marking  ] GC(1) Concurrent Mark From Roots 3.109ms
[5.375s][info][gc,marking  ] GC(1) Concurrent Preclean
[5.375s][info][gc,marking  ] GC(1) Concurrent Preclean 0.050ms
[5.375s][info][gc,start    ] GC(1) Pause Remark
[5.379s][info][gc          ] GC(1) Pause Remark 16M->16M(2048M) 3.855ms
[5.379s][info][gc,cpu      ] GC(1) User=0.00s Sys=0.00s Real=0.01s
[5.379s][info][gc,marking  ] GC(1) Concurrent Mark 7.748ms
[5.379s][info][gc,marking  ] GC(1) Concurrent Rebuild Remembered Sets
[5.379s][info][gc,marking  ] GC(1) Concurrent Rebuild Remembered Sets 0.051ms
[5.380s][info][gc,start    ] GC(1) Pause Cleanup
[5.380s][info][gc          ] GC(1) Pause Cleanup 16M->16M(2048M) 0.013ms
[5.380s][info][gc,cpu      ] GC(1) User=0.00s Sys=0.00s Real=0.00s
[5.380s][info][gc,marking  ] GC(1) Concurrent Cleanup for Next Mark
[5.388s][info][gc,marking  ] GC(1) Concurrent Cleanup for Next Mark 7.586ms
[5.388s][info][gc          ] GC(1) Concurrent Mark Cycle 21.447ms
[10.992s][info][gc,start    ] GC(2) Pause Young (Concurrent Start) (Metadata GC Threshold)
[10.992s][info][gc,task     ] GC(2) Using 10 workers of 10 for evacuation
[11.050s][info][gc,phases   ] GC(2)   Pre Evacuate Collection Set: 1.1ms
[11.050s][info][gc,phases   ] GC(2)   Merge Heap Roots: 0.6ms
[11.050s][info][gc,phases   ] GC(2)   Evacuate Collection Set: 52.1ms
[11.050s][info][gc,phases   ] GC(2)   Post Evacuate Collection Set: 3.7ms
[11.050s][info][gc,phases   ] GC(2)   Other: 0.6ms
[11.050s][info][gc,heap     ] GC(2) Eden regions: 37->0(47)
[11.050s][info][gc,heap     ] GC(2) Survivor regions: 6->4(7)
[11.050s][info][gc,heap     ] GC(2) Old regions: 0->6
[11.050s][info][gc,heap     ] GC(2) Archive regions: 2->2
[11.050s][info][gc,heap     ] GC(2) Humongous regions: 2->1
[11.050s][info][gc,metaspace] GC(2) Metaspace: 35840K(36096K)->35840K(36096K) NonClass: 31500K(31616K)->31500K(31616K) Class: 4339K(4480K)->4339K(4480K)
[11.050s][info][gc          ] GC(2) Pause Young (Concurrent Start) (Metadata GC Threshold) 90M->21M(2048M) 58.554ms
[11.050s][info][gc,cpu      ] GC(2) User=0.02s Sys=0.02s Real=0.06s
[11.051s][info][gc          ] GC(3) Concurrent Mark Cycle
[11.051s][info][gc,marking  ] GC(3) Concurrent Clear Claimed Marks
[11.051s][info][gc,marking  ] GC(3) Concurrent Clear Claimed Marks 0.040ms
[11.051s][info][gc,marking  ] GC(3) Concurrent Scan Root Regions
[11.076s][info][gc,marking  ] GC(3) Concurrent Scan Root Regions 25.062ms
[11.077s][info][gc,marking  ] GC(3) Concurrent Mark
[11.078s][info][gc,marking  ] GC(3) Concurrent Mark From Roots
[11.078s][info][gc,task     ] GC(3) Using 3 workers of 3 for marking
[11.089s][info][gc,marking  ] GC(3) Concurrent Mark From Roots 11.866ms
[11.091s][info][gc,marking  ] GC(3) Concurrent Preclean
[11.092s][info][gc,marking  ] GC(3) Concurrent Preclean 1.695ms
[11.095s][info][gc,start    ] GC(3) Pause Remark
[11.106s][info][gc          ] GC(3) Pause Remark 22M->22M(2048M) 10.846ms
[11.106s][info][gc,cpu      ] GC(3) User=0.00s Sys=0.01s Real=0.01s
[11.109s][info][gc,marking  ] GC(3) Concurrent Mark 31.971ms
[11.112s][info][gc,marking  ] GC(3) Concurrent Rebuild Remembered Sets
[11.131s][info][gc,marking  ] GC(3) Concurrent Rebuild Remembered Sets 19.359ms
[11.132s][info][gc,start    ] GC(3) Pause Cleanup
[11.133s][info][gc          ] GC(3) Pause Cleanup 22M->22M(2048M) 0.697ms
[11.133s][info][gc,cpu      ] GC(3) User=0.00s Sys=0.00s Real=0.00s
[11.135s][info][gc,marking  ] GC(3) Concurrent Cleanup for Next Mark
[11.280s][info][gc,marking  ] GC(3) Concurrent Cleanup for Next Mark 144.986ms
[11.283s][info][gc          ] GC(3) Concurrent Mark Cycle 232.409ms
