[0.010s][info][gc] Using G1
[0.012s][info][gc,init] Version: 17.0.12+8-LTS-286 (release)
[0.012s][info][gc,init] CPUs: 12 total, 12 available
[0.012s][info][gc,init] Memory: 65536M
[0.012s][info][gc,init] Large Page Support: Disabled
[0.012s][info][gc,init] NUMA Support: Disabled
[0.012s][info][gc,init] Compressed Oops: Enabled (Zero based)
[0.012s][info][gc,init] Heap Region Size: 1M
[0.012s][info][gc,init] Heap Min Capacity: 128M
[0.012s][info][gc,init] Heap Initial Capacity: 128M
[0.012s][info][gc,init] Heap Max Capacity: 512M
[0.012s][info][gc,init] Pre-touch: Disabled
[0.012s][info][gc,init] Parallel Workers: 10
[0.012s][info][gc,init] Concurrent Workers: 3
[0.012s][info][gc,init] Concurrent Refinement Workers: 10
[0.012s][info][gc,init] Periodic GC: Disabled
[0.026s][info][gc,metaspace] CDS archive(s) mapped at: [0x0000009000000000-0x0000009000be8000-0x0000009000be8000), size 12484608, SharedBaseAddress: 0x0000009000000000, ArchiveRelocationMode: 1.
[0.026s][info][gc,metaspace] Compressed class space mapped at: 0x0000009001000000-0x0000009041000000, reserved size: 1073741824
[0.026s][info][gc,metaspace] Narrow klass base: 0x0000009000000000, Narrow klass shift: 0, Narrow klass range: 0x100000000
[1.783s][info][gc,start    ] GC(0) Pause Young (Normal) (G1 Evacuation Pause)
[1.784s][info][gc,task     ] GC(0) Using 3 workers of 10 for evacuation
[1.804s][info][gc,phases   ] GC(0)   Pre Evacuate Collection Set: 0.4ms
[1.804s][info][gc,phases   ] GC(0)   Merge Heap Roots: 0.4ms
[1.804s][info][gc,phases   ] GC(0)   Evacuate Collection Set: 17.5ms
[1.804s][info][gc,phases   ] GC(0)   Post Evacuate Collection Set: 1.6ms
[1.804s][info][gc,phases   ] GC(0)   Other: 0.8ms
[1.804s][info][gc,heap     ] GC(0) Eden regions: 23->0(26)
[1.804s][info][gc,heap     ] GC(0) Survivor regions: 0->3(3)
[1.804s][info][gc,heap     ] GC(0) Old regions: 0->5
[1.804s][info][gc,heap     ] GC(0) Archive regions: 2->2
[1.804s][info][gc,heap     ] GC(0) Humongous regions: 2->2
[1.804s][info][gc,metaspace] GC(0) Metaspace: 8206K(8384K)->8206K(8384K) NonClass: 7216K(7296K)->7216K(7296K) Class: 990K(1088K)->990K(1088K)
[1.805s][info][gc          ] GC(0) Pause Young (Normal) (G1 Evacuation Pause) 25M->10M(130M) 21.339ms
[1.805s][info][gc,cpu      ] GC(0) User=0.01s Sys=0.01s Real=0.02s
[3.162s][info][gc,start    ] GC(1) Pause Young (Normal) (G1 Evacuation Pause)
[3.162s][info][gc,task     ] GC(1) Using 4 workers of 10 for evacuation
[3.171s][info][gc,phases   ] GC(1)   Pre Evacuate Collection Set: 0.1ms
[3.171s][info][gc,phases   ] GC(1)   Merge Heap Roots: 0.5ms
[3.171s][info][gc,phases   ] GC(1)   Evacuate Collection Set: 6.2ms
[3.171s][info][gc,phases   ] GC(1)   Post Evacuate Collection Set: 2.2ms
[3.171s][info][gc,phases   ] GC(1)   Other: 0.2ms
[3.171s][info][gc,heap     ] GC(1) Eden regions: 24->0(62)
[3.171s][info][gc,heap     ] GC(1) Survivor regions: 3->2(4)
[3.171s][info][gc,heap     ] GC(1) Old regions: 5->8
[3.171s][info][gc,heap     ] GC(1) Archive regions: 2->2
[3.171s][info][gc,heap     ] GC(1) Humongous regions: 2->2
[3.171s][info][gc,metaspace] GC(1) Metaspace: 14354K(14656K)->14354K(14656K) NonClass: 12572K(12736K)->12572K(12736K) Class: 1782K(1920K)->1782K(1920K)
[3.171s][info][gc          ] GC(1) Pause Young (Normal) (G1 Evacuation Pause) 34M->12M(130M) 9.425ms
[3.171s][info][gc,cpu      ] GC(1) User=0.01s Sys=0.01s Real=0.00s
[5.573s][info][gc,start    ] GC(2) Pause Young (Concurrent Start) (Metadata GC Threshold)
[5.574s][info][gc,task     ] GC(2) Using 3 workers of 10 for evacuation
[5.599s][info][gc,phases   ] GC(2)   Pre Evacuate Collection Set: 0.2ms
[5.599s][info][gc,phases   ] GC(2)   Merge Heap Roots: 0.3ms
[5.599s][info][gc,phases   ] GC(2)   Evacuate Collection Set: 22.8ms
[5.599s][info][gc,phases   ] GC(2)   Post Evacuate Collection Set: 1.6ms
[5.599s][info][gc,phases   ] GC(2)   Other: 0.5ms
[5.599s][info][gc,heap     ] GC(2) Eden regions: 39->0(72)
[5.599s][info][gc,heap     ] GC(2) Survivor regions: 2->4(8)
[5.599s][info][gc,heap     ] GC(2) Old regions: 8->8
[5.600s][info][gc,heap     ] GC(2) Archive regions: 2->2
[5.600s][info][gc,heap     ] GC(2) Humongous regions: 2->2
[5.600s][info][gc,metaspace] GC(2) Metaspace: 21230K(21504K)->21230K(21504K) NonClass: 18589K(18752K)->18589K(18752K) Class: 2641K(2752K)->2641K(2752K)
[5.600s][info][gc          ] GC(2) Pause Young (Concurrent Start) (Metadata GC Threshold) 51M->14M(130M) 26.219ms
[5.600s][info][gc,cpu      ] GC(2) User=0.01s Sys=0.01s Real=0.02s
[5.600s][info][gc          ] GC(3) Concurrent Mark Cycle
[5.600s][info][gc,marking  ] GC(3) Concurrent Clear Claimed Marks
[5.600s][info][gc,marking  ] GC(3) Concurrent Clear Claimed Marks 0.138ms
[5.600s][info][gc,marking  ] GC(3) Concurrent Scan Root Regions
[5.608s][info][gc,marking  ] GC(3) Concurrent Scan Root Regions 8.350ms
[5.608s][info][gc,marking  ] GC(3) Concurrent Mark
[5.609s][info][gc,marking  ] GC(3) Concurrent Mark From Roots
[5.609s][info][gc,task     ] GC(3) Using 3 workers of 3 for marking
[5.631s][info][gc,marking  ] GC(3) Concurrent Mark From Roots 22.527ms
[5.632s][info][gc,marking  ] GC(3) Concurrent Preclean
[5.633s][info][gc,marking  ] GC(3) Concurrent Preclean 0.779ms
[5.638s][info][gc,start    ] GC(3) Pause Remark
[5.647s][info][gc          ] GC(3) Pause Remark 14M->14M(128M) 8.908ms
[5.647s][info][gc,cpu      ] GC(3) User=0.01s Sys=0.01s Real=0.01s
[5.647s][info][gc,marking  ] GC(3) Concurrent Mark 38.948ms
[5.647s][info][gc,marking  ] GC(3) Concurrent Rebuild Remembered Sets
[5.651s][info][gc,marking  ] GC(3) Concurrent Rebuild Remembered Sets 4.027ms
[5.652s][info][gc,start    ] GC(3) Pause Cleanup
[5.652s][info][gc          ] GC(3) Pause Cleanup 14M->14M(128M) 0.262ms
[5.652s][info][gc,cpu      ] GC(3) User=0.00s Sys=0.00s Real=0.01s
[5.652s][info][gc,marking  ] GC(3) Concurrent Cleanup for Next Mark
[5.653s][info][gc,marking  ] GC(3) Concurrent Cleanup for Next Mark 0.808ms
[5.653s][info][gc          ] GC(3) Concurrent Mark Cycle 53.275ms
[10.195s][info][gc,start    ] GC(4) Pause Young (Prepare Mixed) (Metadata GC Threshold)
[10.195s][info][gc,task     ] GC(4) Using 10 workers of 10 for evacuation
[10.246s][info][gc,phases   ] GC(4)   Pre Evacuate Collection Set: 0.6ms
[10.246s][info][gc,phases   ] GC(4)   Merge Heap Roots: 0.4ms
[10.246s][info][gc,phases   ] GC(4)   Evacuate Collection Set: 45.5ms
[10.246s][info][gc,phases   ] GC(4)   Post Evacuate Collection Set: 4.2ms
[10.246s][info][gc,phases   ] GC(4)   Other: 0.3ms
[10.246s][info][gc,heap     ] GC(4) Eden regions: 69->0(1)
[10.246s][info][gc,heap     ] GC(4) Survivor regions: 4->10(10)
[10.246s][info][gc,heap     ] GC(4) Old regions: 8->9
[10.247s][info][gc,heap     ] GC(4) Archive regions: 2->2
[10.247s][info][gc,heap     ] GC(4) Humongous regions: 4->2
[10.247s][info][gc,metaspace] GC(4) Metaspace: 35668K(35968K)->35668K(35968K) NonClass: 31354K(31488K)->31354K(31488K) Class: 4314K(4480K)->4314K(4480K)
[10.247s][info][gc          ] GC(4) Pause Young (Prepare Mixed) (Metadata GC Threshold) 84M->20M(128M) 51.475ms
[10.247s][info][gc,cpu      ] GC(4) User=0.02s Sys=0.02s Real=0.05s
[10.365s][info][gc,start    ] GC(5) Pause Young (Mixed) (G1 Evacuation Pause)
[10.365s][info][gc,task     ] GC(5) Using 10 workers of 10 for evacuation
[10.379s][info][gc,phases   ] GC(5)   Pre Evacuate Collection Set: 0.3ms
[10.379s][info][gc,phases   ] GC(5)   Merge Heap Roots: 0.2ms
[10.379s][info][gc,phases   ] GC(5)   Evacuate Collection Set: 12.0ms
[10.379s][info][gc,phases   ] GC(5)   Post Evacuate Collection Set: 0.9ms
[10.379s][info][gc,phases   ] GC(5)   Other: 0.1ms
[10.379s][info][gc,heap     ] GC(5) Eden regions: 1->0(64)
[10.379s][info][gc,heap     ] GC(5) Survivor regions: 10->2(2)
[10.379s][info][gc,heap     ] GC(5) Old regions: 9->18
[10.379s][info][gc,heap     ] GC(5) Archive regions: 2->2
[10.379s][info][gc,heap     ] GC(5) Humongous regions: 2->2
[10.379s][info][gc,metaspace] GC(5) Metaspace: 35860K(36160K)->35860K(36160K) NonClass: 31524K(31680K)->31524K(31680K) Class: 4336K(4480K)->4336K(4480K)
[10.379s][info][gc          ] GC(5) Pause Young (Mixed) (G1 Evacuation Pause) 21M->21M(128M) 14.046ms
[10.379s][info][gc,cpu      ] GC(5) User=0.03s Sys=0.01s Real=0.01s
[10.515s][info][gc,start    ] GC(6) Pause Young (Concurrent Start) (Metadata GC Threshold)
[10.516s][info][gc,task     ] GC(6) Using 10 workers of 10 for evacuation
[10.519s][info][gc,phases   ] GC(6)   Pre Evacuate Collection Set: 0.3ms
[10.519s][info][gc,phases   ] GC(6)   Merge Heap Roots: 0.2ms
[10.519s][info][gc,phases   ] GC(6)   Evacuate Collection Set: 1.3ms
[10.519s][info][gc,phases   ] GC(6)   Post Evacuate Collection Set: 1.5ms
[10.519s][info][gc,phases   ] GC(6)   Other: 0.3ms
[10.519s][info][gc,heap     ] GC(6) Eden regions: 2->0(67)
[10.519s][info][gc,heap     ] GC(6) Survivor regions: 2->1(9)
[10.519s][info][gc,heap     ] GC(6) Old regions: 18->18
[10.519s][info][gc,heap     ] GC(6) Archive regions: 2->2
[10.519s][info][gc,heap     ] GC(6) Humongous regions: 2->2
[10.519s][info][gc,metaspace] GC(6) Metaspace: 36052K(36288K)->36052K(36288K) NonClass: 31693K(31808K)->31693K(31808K) Class: 4359K(4480K)->4359K(4480K)
[10.519s][info][gc          ] GC(6) Pause Young (Concurrent Start) (Metadata GC Threshold) 23M->20M(128M) 3.947ms
[10.519s][info][gc,cpu      ] GC(6) User=0.01s Sys=0.00s Real=0.00s
[10.520s][info][gc          ] GC(7) Concurrent Mark Cycle
[10.520s][info][gc,marking  ] GC(7) Concurrent Clear Claimed Marks
[10.520s][info][gc,marking  ] GC(7) Concurrent Clear Claimed Marks 0.019ms
[10.520s][info][gc,marking  ] GC(7) Concurrent Scan Root Regions
[10.521s][info][gc,marking  ] GC(7) Concurrent Scan Root Regions 1.173ms
[10.521s][info][gc,marking  ] GC(7) Concurrent Mark
[10.521s][info][gc,marking  ] GC(7) Concurrent Mark From Roots
[10.521s][info][gc,task     ] GC(7) Using 3 workers of 3 for marking
[10.579s][info][gc,marking  ] GC(7) Concurrent Mark From Roots 58.153ms
[10.579s][info][gc,marking  ] GC(7) Concurrent Preclean
[10.580s][info][gc,marking  ] GC(7) Concurrent Preclean 1.262ms
[10.583s][info][gc,start    ] GC(7) Pause Remark
[10.600s][info][gc          ] GC(7) Pause Remark 22M->22M(128M) 16.970ms
[10.601s][info][gc,cpu      ] GC(7) User=0.01s Sys=0.01s Real=0.01s
[10.607s][info][gc,marking  ] GC(7) Concurrent Mark 86.456ms
[10.607s][info][gc,marking  ] GC(7) Concurrent Rebuild Remembered Sets
[10.660s][info][gc,marking  ] GC(7) Concurrent Rebuild Remembered Sets 52.329ms
[10.666s][info][gc,start    ] GC(7) Pause Cleanup
[10.667s][info][gc          ] GC(7) Pause Cleanup 22M->22M(128M) 1.155ms
[10.667s][info][gc,cpu      ] GC(7) User=0.00s Sys=0.01s Real=0.00s
[10.671s][info][gc,marking  ] GC(7) Concurrent Cleanup for Next Mark
[10.688s][info][gc,marking  ] GC(7) Concurrent Cleanup for Next Mark 16.381ms
[10.688s][info][gc          ] GC(7) Concurrent Mark Cycle 168.457ms
[135.563s][info][gc,heap,exit] Heap
[135.563s][info][gc,heap,exit]  garbage-first heap   total 131072K, used 81501K [0x00000007e0000000, 0x0000000800000000)
[135.563s][info][gc,heap,exit]   region size 1024K, 45 young (46080K), 1 survivors (1024K)
[135.563s][info][gc,heap,exit]  Metaspace       used 43239K, committed 43584K, reserved 1114112K
[135.563s][info][gc,heap,exit]   class space    used 5098K, committed 5248K, reserved 1048576K
