[0.015s][info][gc] Using G1
[0.017s][info][gc,init] Version: 17.0.12+8-LTS-286 (release)
[0.018s][info][gc,init] CPUs: 12 total, 12 available
[0.018s][info][gc,init] Memory: 65536M
[0.018s][info][gc,init] Large Page Support: Disabled
[0.018s][info][gc,init] NUMA Support: Disabled
[0.018s][info][gc,init] Compressed Oops: Enabled (Zero based)
[0.018s][info][gc,init] Heap Region Size: 1M
[0.018s][info][gc,init] Heap Min Capacity: 128M
[0.018s][info][gc,init] Heap Initial Capacity: 128M
[0.018s][info][gc,init] Heap Max Capacity: 512M
[0.018s][info][gc,init] Pre-touch: Disabled
[0.018s][info][gc,init] Parallel Workers: 10
[0.018s][info][gc,init] Concurrent Workers: 3
[0.018s][info][gc,init] Concurrent Refinement Workers: 10
[0.018s][info][gc,init] Periodic GC: Disabled
[0.035s][info][gc,metaspace] CDS archive(s) mapped at: [0x000000a000000000-0x000000a000be8000-0x000000a000be8000), size 12484608, SharedBaseAddress: 0x000000a000000000, ArchiveRelocationMode: 1.
[0.035s][info][gc,metaspace] Compressed class space mapped at: 0x000000a001000000-0x000000a041000000, reserved size: 1073741824
[0.035s][info][gc,metaspace] Narrow klass base: 0x000000a000000000, Narrow klass shift: 0, Narrow klass range: 0x100000000
[1.851s][info][gc,start    ] GC(0) Pause Young (Normal) (G1 Evacuation Pause)
[1.851s][info][gc,task     ] GC(0) Using 3 workers of 10 for evacuation
[1.878s][info][gc,phases   ] GC(0)   Pre Evacuate Collection Set: 0.3ms
[1.878s][info][gc,phases   ] GC(0)   Merge Heap Roots: 0.1ms
[1.879s][info][gc,phases   ] GC(0)   Evacuate Collection Set: 23.7ms
[1.879s][info][gc,phases   ] GC(0)   Post Evacuate Collection Set: 2.7ms
[1.879s][info][gc,phases   ] GC(0)   Other: 1.1ms
[1.879s][info][gc,heap     ] GC(0) Eden regions: 23->0(25)
[1.879s][info][gc,heap     ] GC(0) Survivor regions: 0->3(3)
[1.879s][info][gc,heap     ] GC(0) Old regions: 0->5
[1.879s][info][gc,heap     ] GC(0) Archive regions: 2->2
[1.879s][info][gc,heap     ] GC(0) Humongous regions: 2->2
[1.879s][info][gc,metaspace] GC(0) Metaspace: 8213K(8384K)->8213K(8384K) NonClass: 7222K(7296K)->7222K(7296K) Class: 991K(1088K)->991K(1088K)
[1.879s][info][gc          ] GC(0) Pause Young (Normal) (G1 Evacuation Pause) 25M->10M(130M) 28.665ms
[1.879s][info][gc,cpu      ] GC(0) User=0.01s Sys=0.01s Real=0.03s
[3.343s][info][gc,start    ] GC(1) Pause Young (Normal) (G1 Evacuation Pause)
[3.343s][info][gc,task     ] GC(1) Using 4 workers of 10 for evacuation
[3.353s][info][gc,phases   ] GC(1)   Pre Evacuate Collection Set: 0.2ms
[3.353s][info][gc,phases   ] GC(1)   Merge Heap Roots: 0.1ms
[3.354s][info][gc,phases   ] GC(1)   Evacuate Collection Set: 6.4ms
[3.354s][info][gc,phases   ] GC(1)   Post Evacuate Collection Set: 3.6ms
[3.354s][info][gc,phases   ] GC(1)   Other: 0.2ms
[3.354s][info][gc,heap     ] GC(1) Eden regions: 25->0(63)
[3.354s][info][gc,heap     ] GC(1) Survivor regions: 3->2(4)
[3.354s][info][gc,heap     ] GC(1) Old regions: 5->8
[3.354s][info][gc,heap     ] GC(1) Archive regions: 2->2
[3.354s][info][gc,heap     ] GC(1) Humongous regions: 2->2
[3.354s][info][gc,metaspace] GC(1) Metaspace: 14596K(14848K)->14596K(14848K) NonClass: 12789K(12928K)->12789K(12928K) Class: 1807K(1920K)->1807K(1920K)
[3.354s][info][gc          ] GC(1) Pause Young (Normal) (G1 Evacuation Pause) 35M->12M(130M) 11.186ms
[3.354s][info][gc,cpu      ] GC(1) User=0.02s Sys=0.01s Real=0.02s
[5.357s][info][gc,start    ] GC(2) Pause Young (Concurrent Start) (Metadata GC Threshold)
[5.357s][info][gc,task     ] GC(2) Using 3 workers of 10 for evacuation
[5.381s][info][gc,phases   ] GC(2)   Pre Evacuate Collection Set: 0.3ms
[5.381s][info][gc,phases   ] GC(2)   Merge Heap Roots: 0.7ms
[5.381s][info][gc,phases   ] GC(2)   Evacuate Collection Set: 19.7ms
[5.381s][info][gc,phases   ] GC(2)   Post Evacuate Collection Set: 2.5ms
[5.382s][info][gc,phases   ] GC(2)   Other: 1.3ms
[5.382s][info][gc,heap     ] GC(2) Eden regions: 39->0(72)
[5.382s][info][gc,heap     ] GC(2) Survivor regions: 2->4(9)
[5.382s][info][gc,heap     ] GC(2) Old regions: 8->8
[5.382s][info][gc,heap     ] GC(2) Archive regions: 2->2
[5.382s][info][gc,heap     ] GC(2) Humongous regions: 2->2
[5.382s][info][gc,metaspace] GC(2) Metaspace: 21233K(21504K)->21233K(21504K) NonClass: 18584K(18688K)->18584K(18688K) Class: 2649K(2816K)->2649K(2816K)
[5.382s][info][gc          ] GC(2) Pause Young (Concurrent Start) (Metadata GC Threshold) 50M->14M(130M) 25.440ms
[5.382s][info][gc,cpu      ] GC(2) User=0.02s Sys=0.01s Real=0.02s
[5.382s][info][gc          ] GC(3) Concurrent Mark Cycle
[5.383s][info][gc,marking  ] GC(3) Concurrent Clear Claimed Marks
[5.383s][info][gc,marking  ] GC(3) Concurrent Clear Claimed Marks 0.319ms
[5.383s][info][gc,marking  ] GC(3) Concurrent Scan Root Regions
[5.399s][info][gc,marking  ] GC(3) Concurrent Scan Root Regions 16.042ms
[5.400s][info][gc,marking  ] GC(3) Concurrent Mark
[5.400s][info][gc,marking  ] GC(3) Concurrent Mark From Roots
[5.400s][info][gc,task     ] GC(3) Using 3 workers of 3 for marking
[5.406s][info][gc,marking  ] GC(3) Concurrent Mark From Roots 6.297ms
[5.406s][info][gc,marking  ] GC(3) Concurrent Preclean
[5.406s][info][gc,marking  ] GC(3) Concurrent Preclean 0.040ms
[5.406s][info][gc,start    ] GC(3) Pause Remark
[5.411s][info][gc          ] GC(3) Pause Remark 14M->14M(128M) 4.828ms
[5.411s][info][gc,cpu      ] GC(3) User=0.00s Sys=0.01s Real=0.00s
[5.412s][info][gc,marking  ] GC(3) Concurrent Mark 12.402ms
[5.412s][info][gc,marking  ] GC(3) Concurrent Rebuild Remembered Sets
[5.418s][info][gc,marking  ] GC(3) Concurrent Rebuild Remembered Sets 6.046ms
[5.419s][info][gc,start    ] GC(3) Pause Cleanup
[5.419s][info][gc          ] GC(3) Pause Cleanup 15M->15M(128M) 0.122ms
[5.419s][info][gc,cpu      ] GC(3) User=0.00s Sys=0.00s Real=0.00s
[5.420s][info][gc,marking  ] GC(3) Concurrent Cleanup for Next Mark
[5.422s][info][gc,marking  ] GC(3) Concurrent Cleanup for Next Mark 1.948ms
[5.422s][info][gc          ] GC(3) Concurrent Mark Cycle 39.310ms
[10.209s][info][gc,start    ] GC(4) Pause Young (Concurrent Start) (Metadata GC Threshold)
[10.209s][info][gc,task     ] GC(4) Using 10 workers of 10 for evacuation
[10.231s][info][gc,phases   ] GC(4)   Pre Evacuate Collection Set: 0.8ms
[10.231s][info][gc,phases   ] GC(4)   Merge Heap Roots: 0.9ms
[10.231s][info][gc,phases   ] GC(4)   Evacuate Collection Set: 17.5ms
[10.231s][info][gc,phases   ] GC(4)   Post Evacuate Collection Set: 2.2ms
[10.231s][info][gc,phases   ] GC(4)   Other: 0.6ms
[10.231s][info][gc,heap     ] GC(4) Eden regions: 68->0(64)
[10.231s][info][gc,heap     ] GC(4) Survivor regions: 4->10(10)
[10.231s][info][gc,heap     ] GC(4) Old regions: 8->9
[10.231s][info][gc,heap     ] GC(4) Archive regions: 2->2
[10.231s][info][gc,heap     ] GC(4) Humongous regions: 4->2
[10.231s][info][gc,metaspace] GC(4) Metaspace: 35656K(35968K)->35656K(35968K) NonClass: 31341K(31488K)->31341K(31488K) Class: 4315K(4480K)->4315K(4480K)
[10.231s][info][gc          ] GC(4) Pause Young (Concurrent Start) (Metadata GC Threshold) 83M->20M(128M) 22.194ms
[10.231s][info][gc,cpu      ] GC(4) User=0.03s Sys=0.01s Real=0.02s
[10.231s][info][gc          ] GC(5) Concurrent Mark Cycle
[10.231s][info][gc,marking  ] GC(5) Concurrent Clear Claimed Marks
[10.232s][info][gc,marking  ] GC(5) Concurrent Clear Claimed Marks 0.014ms
[10.232s][info][gc,marking  ] GC(5) Concurrent Scan Root Regions
[10.240s][info][gc,marking  ] GC(5) Concurrent Scan Root Regions 8.612ms
[10.240s][info][gc,marking  ] GC(5) Concurrent Mark
[10.240s][info][gc,marking  ] GC(5) Concurrent Mark From Roots
[10.240s][info][gc,task     ] GC(5) Using 3 workers of 3 for marking
[10.247s][info][gc,marking  ] GC(5) Concurrent Mark From Roots 6.936ms
[10.247s][info][gc,marking  ] GC(5) Concurrent Preclean
[10.247s][info][gc,marking  ] GC(5) Concurrent Preclean 0.259ms
[10.249s][info][gc,start    ] GC(5) Pause Remark
[10.255s][info][gc          ] GC(5) Pause Remark 20M->20M(128M) 6.846ms
[10.255s][info][gc,cpu      ] GC(5) User=0.01s Sys=0.00s Real=0.01s
[10.257s][info][gc,marking  ] GC(5) Concurrent Mark 17.244ms
[10.258s][info][gc,marking  ] GC(5) Concurrent Rebuild Remembered Sets
[10.283s][info][gc,marking  ] GC(5) Concurrent Rebuild Remembered Sets 25.006ms
[10.288s][info][gc,start    ] GC(5) Pause Cleanup
[10.289s][info][gc          ] GC(5) Pause Cleanup 20M->20M(128M) 0.728ms
[10.289s][info][gc,cpu      ] GC(5) User=0.00s Sys=0.00s Real=0.00s
[10.293s][info][gc,marking  ] GC(5) Concurrent Cleanup for Next Mark
[10.321s][info][gc,marking  ] GC(5) Concurrent Cleanup for Next Mark 27.615ms
[10.321s][info][gc          ] GC(5) Concurrent Mark Cycle 89.634ms
[23.297s][info][gc,start    ] GC(6) Pause Young (Normal) (G1 Evacuation Pause)
[23.297s][info][gc,task     ] GC(6) Using 10 workers of 10 for evacuation
[23.317s][info][gc,phases   ] GC(6)   Pre Evacuate Collection Set: 0.2ms
[23.317s][info][gc,phases   ] GC(6)   Merge Heap Roots: 0.2ms
[23.317s][info][gc,phases   ] GC(6)   Evacuate Collection Set: 16.3ms
[23.317s][info][gc,phases   ] GC(6)   Post Evacuate Collection Set: 2.5ms
[23.317s][info][gc,phases   ] GC(6)   Other: 0.5ms
[23.317s][info][gc,heap     ] GC(6) Eden regions: 64->0(52)
[23.317s][info][gc,heap     ] GC(6) Survivor regions: 10->6(10)
[23.317s][info][gc,heap     ] GC(6) Old regions: 9->18
[23.317s][info][gc,heap     ] GC(6) Archive regions: 2->2
[23.317s][info][gc,heap     ] GC(6) Humongous regions: 18->18
[23.317s][info][gc,metaspace] GC(6) Metaspace: 50025K(50432K)->50025K(50432K) NonClass: 44042K(44288K)->44042K(44288K) Class: 5982K(6144K)->5982K(6144K)
[23.317s][info][gc          ] GC(6) Pause Young (Normal) (G1 Evacuation Pause) 100M->41M(128M) 20.164ms
[23.318s][info][gc,cpu      ] GC(6) User=0.02s Sys=0.02s Real=0.02s
[80.769s][info][gc,heap,exit] Heap
[80.769s][info][gc,heap,exit]  garbage-first heap   total 131072K, used 65028K [0x00000007e0000000, 0x0000000800000000)
[80.769s][info][gc,heap,exit]   region size 1024K, 29 young (29696K), 6 survivors (6144K)
[80.769s][info][gc,heap,exit]  Metaspace       used 52505K, committed 52928K, reserved 1114112K
[80.770s][info][gc,heap,exit]   class space    used 6181K, committed 6400K, reserved 1048576K
