[0.017s][info][gc] Using G1
[0.020s][info][gc,init] Version: 17.0.12+8-LTS-286 (release)
[0.020s][info][gc,init] CPUs: 12 total, 12 available
[0.020s][info][gc,init] Memory: 65536M
[0.020s][info][gc,init] Large Page Support: Disabled
[0.020s][info][gc,init] NUMA Support: Disabled
[0.020s][info][gc,init] Compressed Oops: Enabled (Zero based)
[0.020s][info][gc,init] Heap Region Size: 1M
[0.020s][info][gc,init] Heap Min Capacity: 128M
[0.020s][info][gc,init] Heap Initial Capacity: 128M
[0.020s][info][gc,init] Heap Max Capacity: 512M
[0.020s][info][gc,init] Pre-touch: Disabled
[0.020s][info][gc,init] Parallel Workers: 10
[0.020s][info][gc,init] Concurrent Workers: 3
[0.020s][info][gc,init] Concurrent Refinement Workers: 10
[0.020s][info][gc,init] Periodic GC: Disabled
[0.039s][info][gc,metaspace] CDS archive(s) mapped at: [0x000000c000000000-0x000000c000be8000-0x000000c000be8000), size 12484608, SharedBaseAddress: 0x000000c000000000, ArchiveRelocationMode: 1.
[0.039s][info][gc,metaspace] Compressed class space mapped at: 0x000000c001000000-0x000000c041000000, reserved size: 1073741824
[0.039s][info][gc,metaspace] Narrow klass base: 0x000000c000000000, Narrow klass shift: 0, Narrow klass range: 0x100000000
[1.675s][info][gc,start    ] GC(0) Pause Young (Normal) (G1 Evacuation Pause)
[1.677s][info][gc,task     ] GC(0) Using 3 workers of 10 for evacuation
[1.699s][info][gc,phases   ] GC(0)   Pre Evacuate Collection Set: 0.3ms
[1.699s][info][gc,phases   ] GC(0)   Merge Heap Roots: 0.6ms
[1.699s][info][gc,phases   ] GC(0)   Evacuate Collection Set: 18.7ms
[1.699s][info][gc,phases   ] GC(0)   Post Evacuate Collection Set: 2.1ms
[1.699s][info][gc,phases   ] GC(0)   Other: 1.6ms
[1.699s][info][gc,heap     ] GC(0) Eden regions: 23->0(25)
[1.699s][info][gc,heap     ] GC(0) Survivor regions: 0->3(3)
[1.699s][info][gc,heap     ] GC(0) Old regions: 0->5
[1.699s][info][gc,heap     ] GC(0) Archive regions: 2->2
[1.699s][info][gc,heap     ] GC(0) Humongous regions: 2->2
[1.699s][info][gc,metaspace] GC(0) Metaspace: 8219K(8384K)->8219K(8384K) NonClass: 7229K(7296K)->7229K(7296K) Class: 990K(1088K)->990K(1088K)
[1.699s][info][gc          ] GC(0) Pause Young (Normal) (G1 Evacuation Pause) 25M->10M(130M) 24.032ms
[1.700s][info][gc,cpu      ] GC(0) User=0.01s Sys=0.01s Real=0.02s
[3.330s][info][gc,start    ] GC(1) Pause Young (Normal) (G1 Evacuation Pause)
[3.330s][info][gc,task     ] GC(1) Using 4 workers of 10 for evacuation
[3.341s][info][gc,phases   ] GC(1)   Pre Evacuate Collection Set: 0.2ms
[3.341s][info][gc,phases   ] GC(1)   Merge Heap Roots: 0.3ms
[3.341s][info][gc,phases   ] GC(1)   Evacuate Collection Set: 7.6ms
[3.341s][info][gc,phases   ] GC(1)   Post Evacuate Collection Set: 2.6ms
[3.341s][info][gc,phases   ] GC(1)   Other: 0.4ms
[3.341s][info][gc,heap     ] GC(1) Eden regions: 25->0(63)
[3.341s][info][gc,heap     ] GC(1) Survivor regions: 3->2(4)
[3.341s][info][gc,heap     ] GC(1) Old regions: 5->8
[3.341s][info][gc,heap     ] GC(1) Archive regions: 2->2
[3.341s][info][gc,heap     ] GC(1) Humongous regions: 2->2
[3.341s][info][gc,metaspace] GC(1) Metaspace: 14613K(14848K)->14613K(14848K) NonClass: 12811K(12928K)->12811K(12928K) Class: 1802K(1920K)->1802K(1920K)
[3.341s][info][gc          ] GC(1) Pause Young (Normal) (G1 Evacuation Pause) 35M->12M(130M) 11.324ms
[3.341s][info][gc,cpu      ] GC(1) User=0.03s Sys=0.01s Real=0.02s
[5.421s][info][gc,start    ] GC(2) Pause Young (Concurrent Start) (Metadata GC Threshold)
[5.421s][info][gc,task     ] GC(2) Using 3 workers of 10 for evacuation
[5.458s][info][gc,phases   ] GC(2)   Pre Evacuate Collection Set: 0.1ms
[5.458s][info][gc,phases   ] GC(2)   Merge Heap Roots: 0.3ms
[5.458s][info][gc,phases   ] GC(2)   Evacuate Collection Set: 31.2ms
[5.458s][info][gc,phases   ] GC(2)   Post Evacuate Collection Set: 4.2ms
[5.458s][info][gc,phases   ] GC(2)   Other: 1.0ms
[5.458s][info][gc,heap     ] GC(2) Eden regions: 38->0(72)
[5.458s][info][gc,heap     ] GC(2) Survivor regions: 2->4(9)
[5.458s][info][gc,heap     ] GC(2) Old regions: 8->8
[5.458s][info][gc,heap     ] GC(2) Archive regions: 2->2
[5.458s][info][gc,heap     ] GC(2) Humongous regions: 2->2
[5.459s][info][gc,metaspace] GC(2) Metaspace: 21216K(21504K)->21216K(21504K) NonClass: 18574K(18752K)->18574K(18752K) Class: 2641K(2752K)->2641K(2752K)
[5.459s][info][gc          ] GC(2) Pause Young (Concurrent Start) (Metadata GC Threshold) 49M->14M(130M) 37.921ms
[5.459s][info][gc,cpu      ] GC(2) User=0.01s Sys=0.01s Real=0.03s
[5.459s][info][gc          ] GC(3) Concurrent Mark Cycle
[5.459s][info][gc,marking  ] GC(3) Concurrent Clear Claimed Marks
[5.459s][info][gc,marking  ] GC(3) Concurrent Clear Claimed Marks 0.278ms
[5.461s][info][gc,marking  ] GC(3) Concurrent Scan Root Regions
[5.502s][info][gc,marking  ] GC(3) Concurrent Scan Root Regions 40.069ms
[5.504s][info][gc,marking  ] GC(3) Concurrent Mark
[5.508s][info][gc,marking  ] GC(3) Concurrent Mark From Roots
[5.512s][info][gc,task     ] GC(3) Using 3 workers of 3 for marking
[5.517s][info][gc,marking  ] GC(3) Concurrent Mark From Roots 8.828ms
[5.517s][info][gc,marking  ] GC(3) Concurrent Preclean
[5.517s][info][gc,marking  ] GC(3) Concurrent Preclean 0.058ms
[5.518s][info][gc,start    ] GC(3) Pause Remark
[5.522s][info][gc          ] GC(3) Pause Remark 14M->14M(128M) 4.561ms
[5.522s][info][gc,cpu      ] GC(3) User=0.01s Sys=0.01s Real=0.01s
[5.523s][info][gc,marking  ] GC(3) Concurrent Mark 18.856ms
[5.523s][info][gc,marking  ] GC(3) Concurrent Rebuild Remembered Sets
[5.526s][info][gc,marking  ] GC(3) Concurrent Rebuild Remembered Sets 2.982ms
[5.527s][info][gc,start    ] GC(3) Pause Cleanup
[5.527s][info][gc          ] GC(3) Pause Cleanup 15M->15M(128M) 0.313ms
[5.527s][info][gc,cpu      ] GC(3) User=0.00s Sys=0.00s Real=0.00s
[5.527s][info][gc,marking  ] GC(3) Concurrent Cleanup for Next Mark
[5.528s][info][gc,marking  ] GC(3) Concurrent Cleanup for Next Mark 0.710ms
[5.528s][info][gc          ] GC(3) Concurrent Mark Cycle 69.444ms
[10.169s][info][gc,start    ] GC(4) Pause Young (Prepare Mixed) (Metadata GC Threshold)
[10.169s][info][gc,task     ] GC(4) Using 10 workers of 10 for evacuation
[10.183s][info][gc,phases   ] GC(4)   Pre Evacuate Collection Set: 0.2ms
[10.183s][info][gc,phases   ] GC(4)   Merge Heap Roots: 0.2ms
[10.183s][info][gc,phases   ] GC(4)   Evacuate Collection Set: 11.0ms
[10.183s][info][gc,phases   ] GC(4)   Post Evacuate Collection Set: 2.3ms
[10.183s][info][gc,phases   ] GC(4)   Other: 0.3ms
[10.183s][info][gc,heap     ] GC(4) Eden regions: 69->0(1)
[10.183s][info][gc,heap     ] GC(4) Survivor regions: 4->10(10)
[10.183s][info][gc,heap     ] GC(4) Old regions: 8->9
[10.183s][info][gc,heap     ] GC(4) Archive regions: 2->2
[10.183s][info][gc,heap     ] GC(4) Humongous regions: 4->2
[10.183s][info][gc,metaspace] GC(4) Metaspace: 35679K(35968K)->35679K(35968K) NonClass: 31363K(31488K)->31363K(31488K) Class: 4315K(4480K)->4315K(4480K)
[10.183s][info][gc          ] GC(4) Pause Young (Prepare Mixed) (Metadata GC Threshold) 84M->20M(128M) 14.318ms
[10.183s][info][gc,cpu      ] GC(4) User=0.04s Sys=0.00s Real=0.02s
[10.224s][info][gc,start    ] GC(5) Pause Young (Mixed) (G1 Evacuation Pause)
[10.224s][info][gc,task     ] GC(5) Using 10 workers of 10 for evacuation
[10.238s][info][gc,phases   ] GC(5)   Pre Evacuate Collection Set: 0.5ms
[10.238s][info][gc,phases   ] GC(5)   Merge Heap Roots: 0.3ms
[10.238s][info][gc,phases   ] GC(5)   Evacuate Collection Set: 11.3ms
[10.238s][info][gc,phases   ] GC(5)   Post Evacuate Collection Set: 1.6ms
[10.238s][info][gc,phases   ] GC(5)   Other: 0.4ms
[10.238s][info][gc,heap     ] GC(5) Eden regions: 1->0(64)
[10.238s][info][gc,heap     ] GC(5) Survivor regions: 10->2(2)
[10.238s][info][gc,heap     ] GC(5) Old regions: 9->18
[10.238s][info][gc,heap     ] GC(5) Archive regions: 2->2
[10.238s][info][gc,heap     ] GC(5) Humongous regions: 2->2
[10.238s][info][gc,metaspace] GC(5) Metaspace: 35885K(36160K)->35885K(36160K) NonClass: 31546K(31680K)->31546K(31680K) Class: 4338K(4480K)->4338K(4480K)
[10.238s][info][gc          ] GC(5) Pause Young (Mixed) (G1 Evacuation Pause) 21M->21M(128M) 14.354ms
[10.238s][info][gc,cpu      ] GC(5) User=0.03s Sys=0.01s Real=0.01s
[10.328s][info][gc,start    ] GC(6) Pause Young (Concurrent Start) (Metadata GC Threshold)
[10.328s][info][gc,task     ] GC(6) Using 10 workers of 10 for evacuation
[10.334s][info][gc,phases   ] GC(6)   Pre Evacuate Collection Set: 0.2ms
[10.334s][info][gc,phases   ] GC(6)   Merge Heap Roots: 0.3ms
[10.334s][info][gc,phases   ] GC(6)   Evacuate Collection Set: 3.9ms
[10.334s][info][gc,phases   ] GC(6)   Post Evacuate Collection Set: 0.9ms
[10.334s][info][gc,phases   ] GC(6)   Other: 0.4ms
[10.334s][info][gc,heap     ] GC(6) Eden regions: 1->0(65)
[10.334s][info][gc,heap     ] GC(6) Survivor regions: 2->1(9)
[10.334s][info][gc,heap     ] GC(6) Old regions: 18->18
[10.334s][info][gc,heap     ] GC(6) Archive regions: 2->2
[10.334s][info][gc,heap     ] GC(6) Humongous regions: 2->2
[10.334s][info][gc,metaspace] GC(6) Metaspace: 36044K(36288K)->36044K(36288K) NonClass: 31688K(31808K)->31688K(31808K) Class: 4355K(4480K)->4355K(4480K)
[10.334s][info][gc          ] GC(6) Pause Young (Concurrent Start) (Metadata GC Threshold) 22M->20M(128M) 6.068ms
[10.334s][info][gc,cpu      ] GC(6) User=0.00s Sys=0.00s Real=0.01s
[10.334s][info][gc          ] GC(7) Concurrent Mark Cycle
[10.335s][info][gc,marking  ] GC(7) Concurrent Clear Claimed Marks
[10.337s][info][gc,marking  ] GC(7) Concurrent Clear Claimed Marks 1.204ms
[10.338s][info][gc,marking  ] GC(7) Concurrent Scan Root Regions
[10.342s][info][gc,marking  ] GC(7) Concurrent Scan Root Regions 3.885ms
[10.343s][info][gc,marking  ] GC(7) Concurrent Mark
[10.343s][info][gc,marking  ] GC(7) Concurrent Mark From Roots
[10.346s][info][gc,task     ] GC(7) Using 3 workers of 3 for marking
[10.414s][info][gc,marking  ] GC(7) Concurrent Mark From Roots 70.607ms
[10.423s][info][gc,marking  ] GC(7) Concurrent Preclean
[10.424s][info][gc,marking  ] GC(7) Concurrent Preclean 0.091ms
[10.428s][info][gc,start    ] GC(7) Pause Remark
[10.439s][info][gc          ] GC(7) Pause Remark 21M->21M(128M) 11.685ms
[10.440s][info][gc,cpu      ] GC(7) User=0.01s Sys=0.01s Real=0.01s
[10.441s][info][gc,marking  ] GC(7) Concurrent Mark 97.246ms
[10.449s][info][gc,marking  ] GC(7) Concurrent Rebuild Remembered Sets
[10.483s][info][gc,marking  ] GC(7) Concurrent Rebuild Remembered Sets 34.342ms
[10.484s][info][gc,start    ] GC(7) Pause Cleanup
[10.484s][info][gc          ] GC(7) Pause Cleanup 22M->22M(128M) 0.238ms
[10.484s][info][gc,cpu      ] GC(7) User=0.00s Sys=0.00s Real=0.00s
[10.484s][info][gc,marking  ] GC(7) Concurrent Cleanup for Next Mark
[10.485s][info][gc,marking  ] GC(7) Concurrent Cleanup for Next Mark 0.986ms
[10.485s][info][gc          ] GC(7) Concurrent Mark Cycle 151.073ms
[63.481s][info][gc,start    ] GC(8) Pause Young (Normal) (G1 Evacuation Pause)
[63.481s][info][gc,task     ] GC(8) Using 10 workers of 10 for evacuation
[63.484s][info][gc,phases   ] GC(8)   Pre Evacuate Collection Set: 0.1ms
[63.484s][info][gc,phases   ] GC(8)   Merge Heap Roots: 0.1ms
[63.485s][info][gc,phases   ] GC(8)   Evacuate Collection Set: 3.2ms
[63.485s][info][gc,phases   ] GC(8)   Post Evacuate Collection Set: 0.4ms
[63.485s][info][gc,phases   ] GC(8)   Other: 0.2ms
[63.485s][info][gc,heap     ] GC(8) Eden regions: 65->0(53)
[63.485s][info][gc,heap     ] GC(8) Survivor regions: 1->6(9)
[63.485s][info][gc,heap     ] GC(8) Old regions: 18->18
[63.485s][info][gc,heap     ] GC(8) Archive regions: 2->2
[63.485s][info][gc,heap     ] GC(8) Humongous regions: 18->18
[63.485s][info][gc,metaspace] GC(8) Metaspace: 51294K(51648K)->51294K(51648K) NonClass: 45150K(45376K)->45150K(45376K) Class: 6144K(6272K)->6144K(6272K)
[63.485s][info][gc          ] GC(8) Pause Young (Normal) (G1 Evacuation Pause) 101M->41M(128M) 4.073ms
[63.485s][info][gc,cpu      ] GC(8) User=0.01s Sys=0.00s Real=0.00s
[1235.427s][info][gc,heap,exit] Heap
[1235.428s][info][gc,heap,exit]  garbage-first heap   total 131072K, used 85317K [0x00000007e0000000, 0x0000000800000000)
[1235.428s][info][gc,heap,exit]   region size 1024K, 49 young (50176K), 6 survivors (6144K)
[1235.428s][info][gc,heap,exit]  Metaspace       used 53969K, committed 54336K, reserved 1114112K
[1235.428s][info][gc,heap,exit]   class space    used 6349K, committed 6528K, reserved 1048576K
